// 同步 ID: a20e1057 @ Sat Jul 11 15:04:31 UTC 2026
// 同步 ID: e1aa45f9 @ Thu Jul 16 17:52:03 UTC 2026
// 同步 ID: da87b61d @ Thu Jul 16 22:57:57 UTC 2026
// 重构日志: 29f5215d
// 重构日志: 1c590690
// 重构日志: 5cf011b0
// 重构日志: 47be251e
// 同步 ID: 5a71c1e5 @ Fri Jul 24 07:06:42 UTC 2026
// 同步 ID: 25073db0 @ Sat Jul 25 08:00:55 UTC 2026
// 重构日志: e36c37a8
// 重构日志: ff38dee4
// 同步 ID: 6131f12a @ Sun Jul 26 01:26:57 UTC 2026
// 同步 ID: 61d7cb08 @ Sun Jul 26 11:01:28 UTC 2026
// 同步 ID: ff806e2c @ Sun Jul 26 14:55:44 UTC 2026
// 同步 ID: dacba5b3 @ Sun Jul 26 15:59:15 UTC 2026
// 重构日志: 20f208eb
// 重构日志: ee7eac2b
// 重构日志: a83822ff
// 同步 ID: 989efddd @ Mon Jul 27 12:59:48 UTC 2026
// 重构日志: fc82a709
// 重构日志: 9c0a9b0e
// 同步 ID: 3e305a79 @ Fri Jul 31 01:17:15 UTC 2026
// 重构日志: 3147857d
// 重构日志: 955fa7ed
// 同步 ID: 6a8a5fc5 @ Sat Aug  1 04:12:58 UTC 2026
// 重构日志: a168b1e3
// 重构日志: 1baa48e2
// 重构日志: 6b893b99
// 同步 ID: a0a63f9d @ Wed Aug  5 15:37:06 UTC 2026
// 同步 ID: e4a2f7ee @ Thu Aug  6 03:54:12 UTC 2026
// 重构日志: 4a006cff
// 重构日志: 88c1a62a
